// Jest Snapshot v1, https://goo.gl/fbAQLP

exports[`CategoryList renders correctly 1`] = `
<div
  className="MuiGrid-root MuiGrid-container MuiGrid-spacing-xs-2"
  style={
    Object {
      "padding": 15,
    }
  }
>
  <div
    className="MuiGrid-root MuiGrid-item MuiGrid-grid-xs-12 MuiGrid-grid-sm-6 MuiGrid-grid-lg-4 MuiGrid-grid-xl-3"
  >
    <div>
      <div>
        <div
          className="MuiPaper-root MuiCard-root clickable-card MuiPaper-elevation1 MuiPaper-rounded"
          onClick={[Function]}
        >
          <img
            alt="Image for Pizza Not Found"
            className="MuiCardMedia-root MuiCardMedia-media MuiCardMedia-img"
            height="250"
            style={
              Object {
                "height": 400,
              }
            }
            title="Pizza"
          />
          <div
            className="MuiCardContent-root clickable-card-bottom"
          >
            <h2
              className="MuiTypography-root MuiTypography-gutterBottom"
            >
              Pizza
            </h2>
            <svg
              className="feather-icon-basic"
              fill="none"
              viewBox="0 0 24 24"
            >
              <polyline
                points="9 18 15 12 9 6"
              />
            </svg>
          </div>
        </div>
      </div>
    </div>
  </div>
</div>
`;
