// Jest Snapshot v1, https://goo.gl/fbAQLP

exports[`CategoryList renders correctly 1`] = `
<div
  className="MuiGrid-root MuiGrid-container MuiGrid-spacing-xs-2"
  style={
    Object {
      "padding": 15,
    }
  }
>
  <div
    className="MuiGrid-root MuiGrid-item MuiGrid-grid-xs-12 MuiGrid-grid-sm-6 MuiGrid-grid-lg-4 MuiGrid-grid-xl-3"
  >
    <div>
      <div>
        <div
          className="MuiPaper-root MuiCard-root MuiPaper-elevation1 MuiPaper-rounded"
        >
          <img
            alt="Image for Pizza Not Found"
            className="MuiCardMedia-root MuiCardMedia-media MuiCardMedia-img"
            height="250"
            src="../../images/Categories/Pizza.jpg"
            style={
              Object {
                "height": 400,
              }
            }
            title="Pizza"
          />
          <div
            className="MuiCardContent-root"
          >
            <h2
              className="MuiTypography-root MuiTypography-gutterBottom"
            >
              Pizza
            </h2>
          </div>
          <div
            className="MuiCardActions-root MuiCardActions-spacing"
          >
            <div
              className="MuiGrid-root MuiGrid-container MuiGrid-align-items-xs-center MuiGrid-justify-xs-center"
            >
              <button
                className="MuiButtonBase-root MuiButton-root MuiButton-text MuiButton-textPrimary MuiButton-textSizeLarge MuiButton-sizeLarge"
                disabled={false}
                onBlur={[Function]}
                onClick={[Function]}
                onDragLeave={[Function]}
                onFocus={[Function]}
                onKeyDown={[Function]}
                onKeyUp={[Function]}
                onMouseDown={[Function]}
                onMouseLeave={[Function]}
                onMouseUp={[Function]}
                onTouchEnd={[Function]}
                onTouchMove={[Function]}
                onTouchStart={[Function]}
                tabIndex={0}
                target="_blank"
                type="button"
              >
                <span
                  className="MuiButton-label"
                >
                  Select Category
                </span>
              </button>
            </div>
          </div>
        </div>
      </div>
    </div>
  </div>
  <div
    className="MuiGrid-root MuiGrid-item MuiGrid-grid-xs-12 MuiGrid-grid-sm-6 MuiGrid-grid-lg-4 MuiGrid-grid-xl-3"
  >
    <div>
      <div>
        <div
          className="MuiPaper-root MuiCard-root MuiPaper-elevation1 MuiPaper-rounded"
        >
          <img
            alt="Image for Sushi Not Found"
            className="MuiCardMedia-root MuiCardMedia-media MuiCardMedia-img"
            height="250"
            src="../../images/Categories/Sushi.jpg"
            style={
              Object {
                "height": 400,
              }
            }
            title="Sushi"
          />
          <div
            className="MuiCardContent-root"
          >
            <h2
              className="MuiTypography-root MuiTypography-gutterBottom"
            >
              Sushi
            </h2>
          </div>
          <div
            className="MuiCardActions-root MuiCardActions-spacing"
          >
            <div
              className="MuiGrid-root MuiGrid-container MuiGrid-align-items-xs-center MuiGrid-justify-xs-center"
            >
              <button
                className="MuiButtonBase-root MuiButton-root MuiButton-text MuiButton-textPrimary MuiButton-textSizeLarge MuiButton-sizeLarge"
                disabled={false}
                onBlur={[Function]}
                onClick={[Function]}
                onDragLeave={[Function]}
                onFocus={[Function]}
                onKeyDown={[Function]}
                onKeyUp={[Function]}
                onMouseDown={[Function]}
                onMouseLeave={[Function]}
                onMouseUp={[Function]}
                onTouchEnd={[Function]}
                onTouchMove={[Function]}
                onTouchStart={[Function]}
                tabIndex={0}
                target="_blank"
                type="button"
              >
                <span
                  className="MuiButton-label"
                >
                  Select Category
                </span>
              </button>
            </div>
          </div>
        </div>
      </div>
    </div>
  </div>
</div>
`;
