// Jest Snapshot v1, https://goo.gl/fbAQLP

exports[`ProductsList renders correctly 1`] = `
<div
  className="MuiGrid-root MuiGrid-container MuiGrid-spacing-xs-2"
  style={
    Object {
      "padding": 20,
    }
  }
>
  <div
    className="MuiGrid-root MuiGrid-item MuiGrid-grid-xs-12 MuiGrid-grid-sm-12 MuiGrid-grid-lg-6"
  >
    <div>
      <div>
        <div
          className="MuiPaper-root MuiCard-root flex-column-mobile MuiPaper-elevation1 MuiPaper-rounded"
          style={
            Object {
              "display": "flex",
            }
          }
        >
          <img
            alt="Image for Coca-Cola Not Found"
            className="MuiCardMedia-root product-card-image MuiCardMedia-media MuiCardMedia-img"
            height="250"
            style={
              Object {
                "height": 200,
              }
            }
            title="Coca-Cola"
          />
          <div
            className="MuiCardContent-root"
            style={
              Object {
                "display": "flex",
                "flexDirection": "column",
              }
            }
          >
            <h2
              className="MuiTypography-root MuiTypography-gutterBottom"
            >
              Coca-Cola
            </h2>
            <span
              style={
                Object {
                  "color": "green",
                  "display": "block",
                  "float": "right",
                  "fontSize": 20,
                  "fontWeight": "bold",
                  "marginBottom": 15,
                }
              }
            >
              2.5
              €
            </span>
            <h6
              className="MuiTypography-root MuiTypography-body1"
            >
              
            </h6>
          </div>
          <div
            className="MuiCardActions-root MuiCardActions-spacing"
            style={
              Object {
                "marginLeft": "auto",
              }
            }
          >
            <div
              className="MuiGrid-root MuiGrid-container MuiGrid-align-items-xs-flex-start MuiGrid-justify-xs-flex-end"
            >
              <div
                style={
                  Object {
                    "alignItems": "right",
                    "display": "flex",
                  }
                }
              >
                <button
                  className="MuiButtonBase-root MuiButton-root MuiButton-text MuiButton-textPrimary MuiButton-textSizeLarge MuiButton-sizeLarge"
                  disabled={false}
                  onBlur={[Function]}
                  onClick={[Function]}
                  onDragLeave={[Function]}
                  onFocus={[Function]}
                  onKeyDown={[Function]}
                  onKeyUp={[Function]}
                  onMouseDown={[Function]}
                  onMouseLeave={[Function]}
                  onMouseUp={[Function]}
                  onTouchEnd={[Function]}
                  onTouchMove={[Function]}
                  onTouchStart={[Function]}
                  tabIndex={0}
                  target="_blank"
                  type="button"
                >
                  <span
                    className="MuiButton-label"
                  >
                    <span
                      style={
                        Object {
                          "fontWeight": "bold",
                        }
                      }
                    >
                      View Details
                    </span>
                  </span>
                </button>
              </div>
            </div>
          </div>
        </div>
      </div>
    </div>
  </div>
  <div
    className="MuiGrid-root MuiGrid-item MuiGrid-grid-xs-12 MuiGrid-grid-sm-12 MuiGrid-grid-lg-6"
  >
    <div>
      <div>
        <div
          className="MuiPaper-root MuiCard-root flex-column-mobile MuiPaper-elevation1 MuiPaper-rounded"
          style={
            Object {
              "display": "flex",
            }
          }
        >
          <img
            alt="Image for Pepsi Not Found"
            className="MuiCardMedia-root product-card-image MuiCardMedia-media MuiCardMedia-img"
            height="250"
            style={
              Object {
                "height": 200,
              }
            }
            title="Pepsi"
          />
          <div
            className="MuiCardContent-root"
            style={
              Object {
                "display": "flex",
                "flexDirection": "column",
              }
            }
          >
            <h2
              className="MuiTypography-root MuiTypography-gutterBottom"
            >
              Pepsi
            </h2>
            <span
              style={
                Object {
                  "color": "green",
                  "display": "block",
                  "float": "right",
                  "fontSize": 20,
                  "fontWeight": "bold",
                  "marginBottom": 15,
                }
              }
            >
              2
              €
            </span>
            <h6
              className="MuiTypography-root MuiTypography-body1"
            >
              
            </h6>
          </div>
          <div
            className="MuiCardActions-root MuiCardActions-spacing"
            style={
              Object {
                "marginLeft": "auto",
              }
            }
          >
            <div
              className="MuiGrid-root MuiGrid-container MuiGrid-align-items-xs-flex-start MuiGrid-justify-xs-flex-end"
            >
              <div
                style={
                  Object {
                    "alignItems": "right",
                    "display": "flex",
                  }
                }
              >
                <button
                  className="MuiButtonBase-root MuiButton-root MuiButton-text MuiButton-textPrimary MuiButton-textSizeLarge MuiButton-sizeLarge"
                  disabled={false}
                  onBlur={[Function]}
                  onClick={[Function]}
                  onDragLeave={[Function]}
                  onFocus={[Function]}
                  onKeyDown={[Function]}
                  onKeyUp={[Function]}
                  onMouseDown={[Function]}
                  onMouseLeave={[Function]}
                  onMouseUp={[Function]}
                  onTouchEnd={[Function]}
                  onTouchMove={[Function]}
                  onTouchStart={[Function]}
                  tabIndex={0}
                  target="_blank"
                  type="button"
                >
                  <span
                    className="MuiButton-label"
                  >
                    <span
                      style={
                        Object {
                          "fontWeight": "bold",
                        }
                      }
                    >
                      View Details
                    </span>
                  </span>
                </button>
              </div>
            </div>
          </div>
        </div>
      </div>
    </div>
  </div>
</div>
`;
