// Jest Snapshot v1, https://goo.gl/fbAQLP

exports[`CurrentOrder renders correctly 1`] = `
<div>
  <h2>
    This is your current order
  </h2>
  <div
    className="MuiGrid-root MuiGrid-container MuiGrid-spacing-xs-1"
    style={
      Object {
        "padding": 15,
      }
    }
  />
  <div
    className="MuiGrid-root MuiGrid-container MuiGrid-spacing-xs-1"
    style={
      Object {
        "padding": 15,
      }
    }
  />
</div>
`;
