// Jest Snapshot v1, https://goo.gl/fbAQLP

exports[`CurrentOrder renders correctly 1`] = `
<div>
  <h2
    style={
      Object {
        "paddingLeft": 20,
        "textDecorationColor": "#b71c1c",
        "textDecorationLine": "underline",
      }
    }
  >
    This is your current order
  </h2>
  <div
    className="MuiGrid-root MuiGrid-container MuiGrid-spacing-xs-2"
    style={
      Object {
        "paddingLeft": 15,
        "paddingRight": 15,
        "paddingTop": 15,
      }
    }
  />
  <div
    className="MuiGrid-root MuiGrid-container MuiGrid-spacing-xs-2"
    style={
      Object {
        "paddingLeft": 15,
        "paddingRight": 15,
        "paddingTop": 15,
      }
    }
  />
</div>
`;
