// Jest Snapshot v1, https://goo.gl/fbAQLP

exports[`KitchenProductList renders correctly 1`] = `
<div
  className="MuiGrid-root MuiGrid-item MuiGrid-grid-xs-12 MuiGrid-grid-sm-6 MuiGrid-grid-lg-4 MuiGrid-grid-xl-4"
  style={
    Object {
      "padding": 25,
    }
  }
>
  <h4
    className="MuiTypography-root MuiTypography-h4"
  />
  <div
    className="background-lightgray kitchen-overview-container"
  >
    <div
      className="upperRightButton"
    >
      <button>
        -
      </button>
    </div>
    <div>
      <div
        className="MuiGrid-root"
        style={
          Object {
            "backgroundColor": "white",
            "padding": 10,
          }
        }
      >
        <h5
          className="MuiTypography-root MuiTypography-h5"
        >
          Table 
          3
        </h5>
        <h5
          className="MuiTypography-root MuiTypography-h5"
        >
          Timestamp 
        </h5>
        <div>
          <div>
            <div>
              <div
                className="MuiGrid-root"
                style={
                  Object {
                    "paddingLeft": 10,
                    "padidngRight": 10,
                  }
                }
              >
                <div
                  style={
                    Object {
                      "display": "flex",
                    }
                  }
                >
                  <h6
                    className="MuiTypography-root MuiTypography-h6 MuiTypography-gutterBottom"
                  >
                    Coca-Cola
                  </h6>
                  <div
                    className="MuiGrid-root MuiGrid-container MuiGrid-align-items-xs-flex-start MuiGrid-justify-xs-flex-end"
                  >
                    <div
                      style={
                        Object {
                          "alignItems": "right",
                        }
                      }
                    >
                      <button
                        aria-label="push"
                        className="MuiButtonBase-root MuiIconButton-root"
                        disabled={false}
                        onBlur={[Function]}
                        onClick={[Function]}
                        onDragLeave={[Function]}
                        onFocus={[Function]}
                        onKeyDown={[Function]}
                        onKeyUp={[Function]}
                        onMouseDown={[Function]}
                        onMouseLeave={[Function]}
                        onMouseUp={[Function]}
                        onTouchEnd={[Function]}
                        onTouchMove={[Function]}
                        onTouchStart={[Function]}
                        tabIndex={0}
                        type="button"
                      >
                        <span
                          className="MuiIconButton-label"
                        >
                          <svg
                            aria-hidden={true}
                            className="MuiSvgIcon-root"
                            focusable="false"
                            viewBox="0 0 24 24"
                          >
                            <path
                              d="M19 13h-6v6h-2v-6H5v-2h6V5h2v6h6v2z"
                            />
                          </svg>
                        </span>
                      </button>
                    </div>
                  </div>
                </div>
              </div>
            </div>
          </div>
        </div>
      </div>
      <div
        className="MuiGrid-root"
        style={
          Object {
            "backgroundColor": "white",
            "padding": 10,
          }
        }
      >
        <h5
          className="MuiTypography-root MuiTypography-h5"
        >
          Table 
          2
        </h5>
        <h5
          className="MuiTypography-root MuiTypography-h5"
        >
          Timestamp 
        </h5>
        <div>
          <div>
            <div>
              <div
                className="MuiGrid-root"
                style={
                  Object {
                    "paddingLeft": 10,
                    "padidngRight": 10,
                  }
                }
              >
                <div
                  style={
                    Object {
                      "display": "flex",
                    }
                  }
                >
                  <h6
                    className="MuiTypography-root MuiTypography-h6 MuiTypography-gutterBottom"
                  >
                    Pepsi
                  </h6>
                  <div
                    className="MuiGrid-root MuiGrid-container MuiGrid-align-items-xs-flex-start MuiGrid-justify-xs-flex-end"
                  >
                    <div
                      style={
                        Object {
                          "alignItems": "right",
                        }
                      }
                    >
                      <button
                        aria-label="push"
                        className="MuiButtonBase-root MuiIconButton-root"
                        disabled={false}
                        onBlur={[Function]}
                        onClick={[Function]}
                        onDragLeave={[Function]}
                        onFocus={[Function]}
                        onKeyDown={[Function]}
                        onKeyUp={[Function]}
                        onMouseDown={[Function]}
                        onMouseLeave={[Function]}
                        onMouseUp={[Function]}
                        onTouchEnd={[Function]}
                        onTouchMove={[Function]}
                        onTouchStart={[Function]}
                        tabIndex={0}
                        type="button"
                      >
                        <span
                          className="MuiIconButton-label"
                        >
                          <svg
                            aria-hidden={true}
                            className="MuiSvgIcon-root"
                            focusable="false"
                            viewBox="0 0 24 24"
                          >
                            <path
                              d="M19 13h-6v6h-2v-6H5v-2h6V5h2v6h6v2z"
                            />
                          </svg>
                        </span>
                      </button>
                    </div>
                  </div>
                </div>
              </div>
            </div>
          </div>
        </div>
      </div>
    </div>
  </div>
</div>
`;
