// Jest Snapshot v1, https://goo.gl/fbAQLP

exports[`PreviousOrders render correctly 1`] = `
<div>
  <h2
    style={
      Object {
        "paddingLeft": 20,
        "textDecorationColor": "primary",
        "textDecorationLine": "underline",
      }
    }
  >
    These are your previous orders
  </h2>
  <h3
    style={
      Object {
        "paddingLeft": 20,
      }
    }
  >
    Foods
  </h3>
  <div
    className="MuiGrid-root MuiGrid-container MuiGrid-spacing-xs-2"
    style={
      Object {
        "paddingLeft": 15,
        "paddingRight": 15,
        "paddingTop": 15,
      }
    }
  >
    <div
      className="MuiGrid-root MuiGrid-item MuiGrid-grid-xs-12 MuiGrid-grid-sm-6"
    >
      <div>
        <div
          className="MuiPaper-root MuiCard-root MuiPaper-elevation1 MuiPaper-rounded"
        >
          <div
            className="MuiCardContent-root"
          >
            <h2
              className="MuiTypography-root MuiTypography-gutterBottom"
            >
              <span
                style={
                  Object {
                    "color": "green",
                    "float": "right",
                  }
                }
              >
                €
              </span>
            </h2>
          </div>
        </div>
      </div>
    </div>
    <div
      className="MuiGrid-root MuiGrid-item MuiGrid-grid-xs-12 MuiGrid-grid-sm-6"
    >
      <div>
        <div
          className="MuiPaper-root MuiCard-root MuiPaper-elevation1 MuiPaper-rounded"
        >
          <div
            className="MuiCardContent-root"
          >
            <h2
              className="MuiTypography-root MuiTypography-gutterBottom"
            >
              <span
                style={
                  Object {
                    "color": "green",
                    "float": "right",
                  }
                }
              >
                €
              </span>
            </h2>
          </div>
        </div>
      </div>
    </div>
  </div>
  <h3
    style={
      Object {
        "paddingLeft": 20,
      }
    }
  >
    Drinks
  </h3>
  <div
    className="MuiGrid-root MuiGrid-container MuiGrid-spacing-xs-2"
    style={
      Object {
        "paddingLeft": 15,
        "paddingRight": 15,
        "paddingTop": 15,
      }
    }
  >
    <div
      className="MuiGrid-root MuiGrid-item MuiGrid-grid-xs-12 MuiGrid-grid-sm-6"
    >
      <div>
        <div
          className="MuiPaper-root MuiCard-root MuiPaper-elevation1 MuiPaper-rounded"
        >
          <div
            className="MuiCardContent-root"
          >
            <h2
              className="MuiTypography-root MuiTypography-gutterBottom"
            >
              <span
                style={
                  Object {
                    "color": "green",
                    "float": "right",
                  }
                }
              >
                €
              </span>
            </h2>
          </div>
        </div>
      </div>
    </div>
    <div
      className="MuiGrid-root MuiGrid-item MuiGrid-grid-xs-12 MuiGrid-grid-sm-6"
    >
      <div>
        <div
          className="MuiPaper-root MuiCard-root MuiPaper-elevation1 MuiPaper-rounded"
        >
          <div
            className="MuiCardContent-root"
          >
            <h2
              className="MuiTypography-root MuiTypography-gutterBottom"
            >
              <span
                style={
                  Object {
                    "color": "green",
                    "float": "right",
                  }
                }
              >
                €
              </span>
            </h2>
          </div>
        </div>
      </div>
    </div>
  </div>
  <h3
    style={
      Object {
        "float": "right",
        "paddingRight": 20,
      }
    }
  >
    Total to be paid:  
    <span
      style={
        Object {
          "color": "green",
        }
      }
    >
      0.00
      €
    </span>
  </h3>
</div>
`;
